{"total_impact": "302.919285529977", "ts_results": {"2016-10-03": {"response": "2", "point.effect.lower": -21.6999, "cum.response": 114.0, "cum.pred.lower": 114.0, "cum.effect": 0.0, "point.pred": 7.749572, "cum.pred": 114.0, "cum.effect.upper": 0.0, "cum.effect.lower": 0.0, "point.pred.lower": -9.305632, "point.pred.upper": 23.6999, "point.effect.upper": 11.305632, "point.effect": -5.74957167, "cum.pred.upper": 114.0}, "2016-09-28": {"response": "0", "point.effect.lower": -22.558119, "cum.response": 84.0, "cum.pred.lower": 84.0, "cum.effect": 0.0, "point.pred": 6.366346, "cum.pred": 84.0, "cum.effect.upper": 0.0, "cum.effect.lower": 0.0, "point.pred.lower": -10.482937, "point.pred.upper": 22.55812, "point.effect.upper": 10.482937, "point.effect": -6.36634611, "cum.pred.upper": 84.0}, "2016-09-26": {"response": "13", "point.effect.lower": -9.886976, "cum.response": 75.0, "cum.pred.lower": 75.0, "cum.effect": 0.0, "point.pred": 6.981132, "cum.pred": 75.0, "cum.effect.upper": 0.0, "cum.effect.lower": 0.0, "point.pred.lower": -10.914589, "point.pred.upper": 22.88698, "point.effect.upper": 23.914589, "point.effect": 6.01886786, "cum.pred.upper": 75.0}, "2016-10-17": {"response": "8", "point.effect.lower": -15.910619, "cum.response": 392.0, "cum.pred.lower": 297.3021, "cum.effect": 70.79306, "point.pred": 6.89645, "cum.pred": 321.2069, "cum.effect.upper": 94.69786, "cum.effect.lower": 46.22571, "point.pred.lower": -10.849589, "point.pred.upper": 23.91062, "point.effect.upper": 18.849589, "point.effect": 1.10354985, "cum.pred.upper": 345.7743}, "2016-10-08": {"response": "24", "point.effect.lower": -1.43295, "cum.response": 204.0, "cum.pred.lower": 204.0, "cum.effect": 0.0, "point.pred": 8.830589, "cum.pred": 204.0, "cum.effect.upper": 0.0, "cum.effect.lower": 0.0, "point.pred.lower": -7.212337, "point.pred.upper": 25.43295, "point.effect.upper": 31.212337, "point.effect": 15.169411, "cum.pred.upper": 204.0}, "2016-10-20": {"response": "1", "point.effect.lower": -22.40039, "cum.response": 581.0, "cum.pred.lower": 299.4808, "cum.effect": 239.68669, "point.pred": 6.494607, "cum.pred": 341.3133, "cum.effect.upper": 281.51924, "cum.effect.lower": 201.32174, "point.pred.lower": -10.119132, "point.pred.upper": 23.40039, "point.effect.upper": 11.119132, "point.effect": -5.49460749, "cum.pred.upper": 379.6783}, "2016-09-15": {"response": "0", "point.effect.lower": -21.611222, "cum.response": 9.0, "cum.pred.lower": 9.0, "cum.effect": 0.0, "point.pred": 6.084807, "cum.pred": 9.0, "cum.effect.upper": 0.0, "cum.effect.lower": 0.0, "point.pred.lower": -10.512156, "point.pred.upper": 21.61122, "point.effect.upper": 10.512156, "point.effect": -6.08480686, "cum.pred.upper": 9.0}, "1": {"response": null, "point.effect.lower": null, "cum.response": null, "cum.pred.lower": null, "cum.effect": null, "point.pred": null, "cum.pred": null, "cum.effect.upper": null, "cum.effect.lower": null, "point.pred.lower": null, "point.pred.upper": null, "point.effect.upper": null, "point.effect": null, "cum.pred.upper": null}, "2016-10-07": {"response": "1", "point.effect.lower": -23.129128, "cum.response": 180.0, "cum.pred.lower": 180.0, "cum.effect": 0.0, "point.pred": 7.657866, "cum.pred": 180.0, "cum.effect.upper": 0.0, "cum.effect.lower": 0.0, "point.pred.lower": -8.475055, "point.pred.upper": 24.12913, "point.effect.upper": 9.475055, "point.effect": -6.65786639, "cum.pred.upper": 180.0}, "2016-10-25": {"response": "6", "point.effect.lower": -18.976148, "cum.response": 595.0, "cum.pred.lower": 311.1305, "cum.effect": 220.13124, "point.pred": 7.208835, "cum.pred": 374.8688, "cum.effect.upper": 283.86954, "cum.effect.lower": 159.44657, "point.pred.lower": -8.647053, "point.pred.upper": 24.97615, "point.effect.upper": 14.647053, "point.effect": -1.2088353, "cum.pred.upper": 435.5534}, "2016-10-14": {"response": "10", "point.effect.lower": -15.04524, "cum.response": 302.0, "cum.pred.lower": 302.0, "cum.effect": 0.0, "point.pred": 9.016776, "cum.pred": 302.0, "cum.effect.upper": 0.0, "cum.effect.lower": 0.0, "point.pred.lower": -6.784479, "point.pred.upper": 25.04524, "point.effect.upper": 16.784479, "point.effect": 0.98322445, "cum.pred.upper": 302.0}, "2016-10-01": {"response": "6", "point.effect.lower": -19.113954, "cum.response": 109.0, "cum.pred.lower": 109.0, "cum.effect": 0.0, "point.pred": 7.53532, "cum.pred": 109.0, "cum.effect.upper": 0.0, "cum.effect.lower": 0.0, "point.pred.lower": -9.544337, "point.pred.upper": 25.11395, "point.effect.upper": 15.544337, "point.effect": -1.53532043, "cum.pred.upper": 109.0}, "2016-10-21": {"response": "0", "point.effect.lower": -23.281073, "cum.response": 581.0, "cum.pred.lower": 297.6415, "cum.effect": 233.14419, "point.pred": 6.542495, "cum.pred": 347.8558, "cum.effect.upper": 283.35851, "cum.effect.lower": 189.31227, "point.pred.lower": -10.576615, "point.pred.upper": 23.28107, "point.effect.upper": 10.576615, "point.effect": -6.54249515, "cum.pred.upper": 391.6877}, "2016-09-19": {"response": "0", "point.effect.lower": -23.909527, "cum.response": 11.0, "cum.pred.lower": 11.0, "cum.effect": 0.0, "point.pred": 6.386765, "cum.pred": 11.0, "cum.effect.upper": 0.0, "cum.effect.lower": 0.0, "point.pred.lower": -10.654327, "point.pred.upper": 23.90953, "point.effect.upper": 10.654327, "point.effect": -6.38676502, "cum.pred.upper": 11.0}, "2016-11-03": {"response": "0", "point.effect.lower": -23.781104, "cum.response": 740.0, "cum.pred.lower": 340.5975, "cum.effect": 302.91929, "point.pred": 6.480711, "cum.pred": 437.0807, "cum.effect.upper": 399.40255, "cum.effect.lower": 209.95892, "point.pred.lower": -10.757449, "point.pred.upper": 23.7811, "point.effect.upper": 10.757449, "point.effect": -6.48071102, "cum.pred.upper": 530.0411}, "2016-10-10": {"response": "33", "point.effect.lower": 4.492814, "cum.response": 261.0, "cum.pred.lower": 261.0, "cum.effect": 0.0, "point.pred": 10.662531, "cum.pred": 261.0, "cum.effect.upper": 0.0, "cum.effect.lower": 0.0, "point.pred.lower": -7.03308, "point.pred.upper": 28.50719, "point.effect.upper": 40.03308, "point.effect": 22.33746883, "cum.pred.upper": 261.0}, "2016-09-09": {"response": "0", "point.effect.lower": -23.161714, "cum.response": 0.0, "cum.pred.lower": 0.0, "cum.effect": 0.0, "point.pred": 6.46613, "cum.pred": 0.0, "cum.effect.upper": 0.0, "cum.effect.lower": 0.0, "point.pred.lower": -9.344699, "point.pred.upper": 23.16171, "point.effect.upper": 9.344699, "point.effect": -6.46613047, "cum.pred.upper": 0.0}, "2016-09-22": {"response": "3", "point.effect.lower": -20.414036, "cum.response": 21.0, "cum.pred.lower": 21.0, "cum.effect": 0.0, "point.pred": 7.459722, "cum.pred": 21.0, "cum.effect.upper": 0.0, "cum.effect.lower": 0.0, "point.pred.lower": -9.775649, "point.pred.upper": 23.41404, "point.effect.upper": 12.775649, "point.effect": -4.45972181, "cum.pred.upper": 21.0}, "2016-11-02": {"response": "6", "point.effect.lower": -18.400227, "cum.response": 740.0, "cum.pred.lower": 340.1846, "cum.effect": 309.4, "point.pred": 7.292445, "cum.pred": 430.6, "cum.effect.upper": 399.81536, "cum.effect.lower": 220.87479, "point.pred.lower": -10.571505, "point.pred.upper": 24.40023, "point.effect.upper": 16.571505, "point.effect": -1.29244475, "cum.pred.upper": 519.1252}, "2016-09-24": {"response": "4", "point.effect.lower": -20.849578, "cum.response": 26.0, "cum.pred.lower": 26.0, "cum.effect": 0.0, "point.pred": 7.622799, "cum.pred": 26.0, "cum.effect.upper": 0.0, "cum.effect.lower": 0.0, "point.pred.lower": -8.893431, "point.pred.upper": 24.84958, "point.effect.upper": 12.893431, "point.effect": -3.62279897, "cum.pred.upper": 26.0}, "2016-10-06": {"response": "53", "point.effect.lower": 27.683408, "cum.response": 179.0, "cum.pred.lower": 179.0, "cum.effect": 0.0, "point.pred": 7.610021, "cum.pred": 179.0, "cum.effect.upper": 0.0, "cum.effect.lower": 0.0, "point.pred.lower": -9.440897, "point.pred.upper": 25.31659, "point.effect.upper": 62.440897, "point.effect": 45.38997858, "cum.pred.upper": 179.0}, "2016-09-27": {"response": "9", "point.effect.lower": -14.783204, "cum.response": 84.0, "cum.pred.lower": 84.0, "cum.effect": 0.0, "point.pred": 6.376157, "cum.pred": 84.0, "cum.effect.upper": 0.0, "cum.effect.lower": 0.0, "point.pred.lower": -11.80588, "point.pred.upper": 23.7832, "point.effect.upper": 20.80588, "point.effect": 2.62384333, "cum.pred.upper": 84.0}, "2016-10-22": {"response": "1", "point.effect.lower": -22.518849, "cum.response": 582.0, "cum.pred.lower": 299.6971, "cum.effect": 227.64654, "point.pred": 6.497656, "cum.pred": 354.3535, "cum.effect.upper": 282.30288, "cum.effect.lower": 179.89123, "point.pred.lower": -10.497388, "point.pred.upper": 23.51885, "point.effect.upper": 11.497388, "point.effect": -5.49765562, "cum.pred.upper": 402.1088}, "2016-10-11": {"response": "6", "point.effect.lower": -19.409407, "cum.response": 267.0, "cum.pred.lower": 267.0, "cum.effect": 0.0, "point.pred": 9.12333, "cum.pred": 267.0, "cum.effect.upper": 0.0, "cum.effect.lower": 0.0, "point.pred.lower": -8.974089, "point.pred.upper": 25.40941, "point.effect.upper": 14.974089, "point.effect": -3.12332961, "cum.pred.upper": 267.0}, "2016-10-31": {"response": "5", "point.effect.lower": -20.082646, "cum.response": 727.0, "cum.pred.lower": 333.365, "cum.effect": 310.92204, "point.pred": 7.9121, "cum.pred": 416.078, "cum.effect.upper": 393.63498, "cum.effect.lower": 226.30236, "point.pred.lower": -9.316844, "point.pred.upper": 25.08265, "point.effect.upper": 14.316844, "point.effect": -2.91209991, "cum.pred.upper": 500.6976}, "2016-09-07": {"response": "0", "point.effect.lower": -22.655335, "cum.response": 0.0, "cum.pred.lower": 0.0, "cum.effect": 0.0, "point.pred": 6.014624, "cum.pred": 0.0, "cum.effect.upper": 0.0, "cum.effect.lower": 0.0, "point.pred.lower": -11.499623, "point.pred.upper": 22.65533, "point.effect.upper": 11.499623, "point.effect": -6.01462449, "cum.pred.upper": 0.0}, "2016-10-12": {"response": "24", "point.effect.lower": -1.086659, "cum.response": 291.0, "cum.pred.lower": 291.0, "cum.effect": 0.0, "point.pred": 8.040077, "cum.pred": 291.0, "cum.effect.upper": 0.0, "cum.effect.lower": 0.0, "point.pred.lower": -9.283908, "point.pred.upper": 25.08666, "point.effect.upper": 33.283908, "point.effect": 15.95992318, "cum.pred.upper": 291.0}, "2016-10-13": {"response": "1", "point.effect.lower": -26.223249, "cum.response": 292.0, "cum.pred.lower": 292.0, "cum.effect": 0.0, "point.pred": 9.605155, "cum.pred": 292.0, "cum.effect.upper": 0.0, "cum.effect.lower": 0.0, "point.pred.lower": -7.526088, "point.pred.upper": 27.22325, "point.effect.upper": 8.526088, "point.effect": -8.60515468, "cum.pred.upper": 292.0}, "2016-10-19": {"response": "179", "point.effect.lower": 154.987737, "cum.response": 580.0, "cum.pred.lower": 299.8669, "cum.effect": 245.1813, "point.pred": 6.797585, "cum.pred": 334.8187, "cum.effect.upper": 280.13306, "cum.effect.lower": 210.72491, "point.pred.lower": -9.88277, "point.pred.upper": 24.01226, "point.effect.upper": 188.88277, "point.effect": 172.20241469, "cum.pred.upper": 369.2751}, "2016-09-21": {"response": "7", "point.effect.lower": -17.604382, "cum.response": 18.0, "cum.pred.lower": 18.0, "cum.effect": 0.0, "point.pred": 7.05505, "cum.pred": 18.0, "cum.effect.upper": 0.0, "cum.effect.lower": 0.0, "point.pred.lower": -11.072335, "point.pred.upper": 24.60438, "point.effect.upper": 18.072335, "point.effect": -0.05505035, "cum.pred.upper": 18.0}, "2016-10-23": {"response": "0", "point.effect.lower": -23.602798, "cum.response": 582.0, "cum.pred.lower": 303.5397, "cum.effect": 221.14566, "point.pred": 6.500874, "cum.pred": 360.8543, "cum.effect.upper": 278.46026, "cum.effect.lower": 165.53213, "point.pred.lower": -11.572899, "point.pred.upper": 23.6028, "point.effect.upper": 11.572899, "point.effect": -6.50087396, "cum.pred.upper": 416.4679}, "2016-09-14": {"response": "0", "point.effect.lower": -23.970673, "cum.response": 9.0, "cum.pred.lower": 9.0, "cum.effect": 0.0, "point.pred": 6.054317, "cum.pred": 9.0, "cum.effect.upper": 0.0, "cum.effect.lower": 0.0, "point.pred.lower": -11.345017, "point.pred.upper": 23.97067, "point.effect.upper": 11.345017, "point.effect": -6.05431746, "cum.pred.upper": 9.0}, "2016-09-11": {"response": "3", "point.effect.lower": -39.523024, "cum.response": 9.0, "cum.pred.lower": 9.0, "cum.effect": 0.0, "point.pred": 19.01366, "cum.pred": 9.0, "cum.effect.upper": 0.0, "cum.effect.lower": 0.0, "point.pred.lower": -3.240785, "point.pred.upper": 42.52302, "point.effect.upper": 6.240785, "point.effect": -16.0136596, "cum.pred.upper": 9.0}, "2016-09-30": {"response": "9", "point.effect.lower": -14.205147, "cum.response": 103.0, "cum.pred.lower": 103.0, "cum.effect": 0.0, "point.pred": 7.443622, "cum.pred": 103.0, "cum.effect.upper": 0.0, "cum.effect.lower": 0.0, "point.pred.lower": -10.412971, "point.pred.upper": 23.20515, "point.effect.upper": 19.412971, "point.effect": 1.55637777, "cum.pred.upper": 103.0}, "2016-09-10": {"response": "6", "point.effect.lower": -18.098225, "cum.response": 6.0, "cum.pred.lower": 6.0, "cum.effect": 0.0, "point.pred": 7.227782, "cum.pred": 6.0, "cum.effect.upper": 0.0, "cum.effect.lower": 0.0, "point.pred.lower": -10.148737, "point.pred.upper": 24.09822, "point.effect.upper": 16.148737, "point.effect": -1.22778162, "cum.pred.upper": 6.0}, "2016-10-28": {"response": "0", "point.effect.lower": -23.699275, "cum.response": 624.0, "cum.pred.lower": 322.1739, "cum.effect": 229.40811, "point.pred": 6.487822, "cum.pred": 394.5919, "cum.effect.upper": 301.82609, "cum.effect.lower": 159.06432, "point.pred.lower": -11.958799, "point.pred.upper": 23.69928, "point.effect.upper": 11.958799, "point.effect": -6.48782159, "cum.pred.upper": 464.9357}, "2016-09-18": {"response": "0", "point.effect.lower": -22.806724, "cum.response": 11.0, "cum.pred.lower": 11.0, "cum.effect": 0.0, "point.pred": 6.176888, "cum.pred": 11.0, "cum.effect.upper": 0.0, "cum.effect.lower": 0.0, "point.pred.lower": -10.183257, "point.pred.upper": 22.80672, "point.effect.upper": 10.183257, "point.effect": -6.17688753, "cum.pred.upper": 11.0}, "2016-11-01": {"response": "7", "point.effect.lower": -17.394301, "cum.response": 734.0, "cum.pred.lower": 333.4651, "cum.effect": 310.69244, "point.pred": 7.229596, "cum.pred": 423.3076, "cum.effect.upper": 400.53486, "cum.effect.lower": 220.81778, "point.pred.lower": -10.648981, "point.pred.upper": 24.3943, "point.effect.upper": 17.648981, "point.effect": -0.2295961, "cum.pred.upper": 513.1822}, "2016-10-30": {"response": "88", "point.effect.lower": 64.315106, "cum.response": 722.0, "cum.pred.lower": 330.3934, "cum.effect": 313.83414, "point.pred": 6.974576, "cum.pred": 408.1659, "cum.effect.upper": 391.6066, "cum.effect.lower": 234.20506, "point.pred.lower": -9.912667, "point.pred.upper": 23.68489, "point.effect.upper": 97.912667, "point.effect": 81.02542435, "cum.pred.upper": 487.7949}, "2016-10-26": {"response": "29", "point.effect.lower": 5.072397, "cum.response": 624.0, "cum.pred.lower": 316.354, "cum.effect": 242.3866, "point.pred": 6.744636, "cum.pred": 381.6134, "cum.effect.upper": 307.64605, "cum.effect.lower": 179.27386, "point.pred.lower": -10.812537, "point.pred.upper": 23.9276, "point.effect.upper": 39.812537, "point.effect": 22.25536389, "cum.pred.upper": 444.7261}, "2016-10-05": {"response": "10", "point.effect.lower": -14.57548, "cum.response": 126.0, "cum.pred.lower": 126.0, "cum.effect": 0.0, "point.pred": 7.415308, "cum.pred": 126.0, "cum.effect.upper": 0.0, "cum.effect.lower": 0.0, "point.pred.lower": -9.168099, "point.pred.upper": 24.57548, "point.effect.upper": 19.168099, "point.effect": 2.58469198, "cum.pred.upper": 126.0}, "2016-09-12": {"response": "0", "point.effect.lower": -22.565875, "cum.response": 9.0, "cum.pred.lower": 9.0, "cum.effect": 0.0, "point.pred": 6.083868, "cum.pred": 9.0, "cum.effect.upper": 0.0, "cum.effect.lower": 0.0, "point.pred.lower": -11.814236, "point.pred.upper": 22.56587, "point.effect.upper": 11.814236, "point.effect": -6.08386767, "cum.pred.upper": 9.0}, "2016-09-05": {"response": "0", "point.effect.lower": -23.311697, "cum.response": 0.0, "cum.pred.lower": 0.0, "cum.effect": 0.0, "point.pred": 6.00148, "cum.pred": 0.0, "cum.effect.upper": 0.0, "cum.effect.lower": 0.0, "point.pred.lower": -12.358574, "point.pred.upper": 23.3117, "point.effect.upper": 12.358574, "point.effect": -6.00148034, "cum.pred.upper": 0.0}, "2016-09-08": {"response": "0", "point.effect.lower": -24.061156, "cum.response": 0.0, "cum.pred.lower": 0.0, "cum.effect": 0.0, "point.pred": 6.017668, "cum.pred": 0.0, "cum.effect.upper": 0.0, "cum.effect.lower": 0.0, "point.pred.lower": -11.395065, "point.pred.upper": 24.06116, "point.effect.upper": 11.395065, "point.effect": -6.0176679, "cum.pred.upper": 0.0}, "2016-09-29": {"response": "10", "point.effect.lower": -14.650568, "cum.response": 94.0, "cum.pred.lower": 94.0, "cum.effect": 0.0, "point.pred": 7.062433, "cum.pred": 94.0, "cum.effect.upper": 0.0, "cum.effect.lower": 0.0, "point.pred.lower": -9.599778, "point.pred.upper": 24.65057, "point.effect.upper": 19.599778, "point.effect": 2.93756659, "cum.pred.upper": 94.0}, "null": {"response": "device", "point.effect.lower": null, "cum.response": null, "cum.pred.lower": null, "cum.effect": null, "point.pred": null, "cum.pred": null, "cum.effect.upper": null, "cum.effect.lower": null, "point.pred.lower": null, "point.pred.upper": null, "point.effect.upper": null, "point.effect": null, "cum.pred.upper": null}, "2016-10-16": {"response": "77", "point.effect.lower": 51.017013, "cum.response": 384.0, "cum.pred.lower": 295.8876, "cum.effect": 69.68951, "point.pred": 7.31049, "cum.pred": 314.3105, "cum.effect.upper": 88.11243, "cum.effect.lower": 51.01701, "point.pred.lower": -11.112434, "point.pred.upper": 25.98299, "point.effect.upper": 88.112434, "point.effect": 69.68950985, "cum.pred.upper": 332.983}, "2016-10-29": {"response": "10", "point.effect.lower": -13.099956, "cum.response": 634.0, "cum.pred.lower": 326.42, "cum.effect": 232.80871, "point.pred": 6.599401, "cum.pred": 401.1913, "cum.effect.upper": 307.58, "cum.effect.lower": 158.02691, "point.pred.lower": -10.02039, "point.pred.upper": 23.09996, "point.effect.upper": 20.02039, "point.effect": 3.40059947, "cum.pred.upper": 475.9731}, "2016-09-25": {"response": "36", "point.effect.lower": 12.095497, "cum.response": 62.0, "cum.pred.lower": 62.0, "cum.effect": 0.0, "point.pred": 7.697275, "cum.pred": 62.0, "cum.effect.upper": 0.0, "cum.effect.lower": 0.0, "point.pred.lower": -8.123374, "point.pred.upper": 23.9045, "point.effect.upper": 44.123374, "point.effect": 28.30272541, "cum.pred.upper": 62.0}, "2016-10-24": {"response": "7", "point.effect.lower": -17.000282, "cum.response": 589.0, "cum.pred.lower": 306.2384, "cum.effect": 221.34007, "point.pred": 6.805591, "cum.pred": 367.6599, "cum.effect.upper": 282.76156, "cum.effect.lower": 164.95837, "point.pred.lower": -10.741551, "point.pred.upper": 24.00028, "point.effect.upper": 17.741551, "point.effect": 0.19440871, "cum.pred.upper": 424.0416}, "2016-09-13": {"response": "0", "point.effect.lower": -23.383828, "cum.response": 9.0, "cum.pred.lower": 9.0, "cum.effect": 0.0, "point.pred": 6.038083, "cum.pred": 9.0, "cum.effect.upper": 0.0, "cum.effect.lower": 0.0, "point.pred.lower": -11.525172, "point.pred.upper": 23.38383, "point.effect.upper": 11.525172, "point.effect": -6.038083, "cum.pred.upper": 9.0}, "2016-09-06": {"response": "0", "point.effect.lower": -22.110542, "cum.response": 0.0, "cum.pred.lower": 0.0, "cum.effect": 0.0, "point.pred": 6.006134, "cum.pred": 0.0, "cum.effect.upper": 0.0, "cum.effect.lower": 0.0, "point.pred.lower": -10.301418, "point.pred.upper": 22.11054, "point.effect.upper": 10.301418, "point.effect": -6.00613378, "cum.pred.upper": 0.0}, "2016-10-04": {"response": "2", "point.effect.lower": -22.67469, "cum.response": 116.0, "cum.pred.lower": 116.0, "cum.effect": 0.0, "point.pred": 7.489065, "cum.pred": 116.0, "cum.effect.upper": 0.0, "cum.effect.lower": 0.0, "point.pred.lower": -9.908959, "point.pred.upper": 24.67469, "point.effect.upper": 11.908959, "point.effect": -5.48906518, "cum.pred.upper": 116.0}, "2016-10-18": {"response": "9", "point.effect.lower": -16.616102, "cum.response": 401.0, "cum.pred.lower": 297.6684, "cum.effect": 72.97888, "point.pred": 6.814178, "cum.pred": 328.0211, "cum.effect.upper": 103.33158, "cum.effect.lower": 41.15607, "point.pred.lower": -10.509117, "point.pred.upper": 25.6161, "point.effect.upper": 19.509117, "point.effect": 2.18582233, "cum.pred.upper": 359.8439}, "2016-10-15": {"response": "5", "point.effect.lower": -18.992659, "cum.response": 307.0, "cum.pred.lower": 307.0, "cum.effect": 0.0, "point.pred": 7.180126, "cum.pred": 307.0, "cum.effect.upper": 0.0, "cum.effect.lower": 0.0, "point.pred.lower": -10.079271, "point.pred.upper": 23.99266, "point.effect.upper": 15.079271, "point.effect": -2.18012645, "cum.pred.upper": 307.0}, "2016-10-27": {"response": "0", "point.effect.lower": -23.170942, "cum.response": 624.0, "cum.pred.lower": 318.3909, "cum.effect": 235.89594, "point.pred": 6.490667, "cum.pred": 388.1041, "cum.effect.upper": 305.60908, "cum.effect.lower": 167.09647, "point.pred.lower": -10.458511, "point.pred.upper": 23.17094, "point.effect.upper": 10.458511, "point.effect": -6.49066672, "cum.pred.upper": 456.9035}, "2016-10-02": {"response": "3", "point.effect.lower": -21.396029, "cum.response": 112.0, "cum.pred.lower": 112.0, "cum.effect": 0.0, "point.pred": 7.517184, "cum.pred": 112.0, "cum.effect.upper": 0.0, "cum.effect.lower": 0.0, "point.pred.lower": -9.61533, "point.pred.upper": 24.39603, "point.effect.upper": 12.61533, "point.effect": -4.51718393, "cum.pred.upper": 112.0}, "2016-09-16": {"response": "2", "point.effect.lower": -21.57668, "cum.response": 11.0, "cum.pred.lower": 11.0, "cum.effect": 0.0, "point.pred": 6.267669, "cum.pred": 11.0, "cum.effect.upper": 0.0, "cum.effect.lower": 0.0, "point.pred.lower": -9.882012, "point.pred.upper": 23.57668, "point.effect.upper": 11.882012, "point.effect": -4.26766937, "cum.pred.upper": 11.0}, "2016-09-23": {"response": "1", "point.effect.lower": -24.517259, "cum.response": 22.0, "cum.pred.lower": 22.0, "cum.effect": 0.0, "point.pred": 7.435737, "cum.pred": 22.0, "cum.effect.upper": 0.0, "cum.effect.lower": 0.0, "point.pred.lower": -9.531134, "point.pred.upper": 25.51726, "point.effect.upper": 10.531134, "point.effect": -6.4357366, "cum.pred.upper": 22.0}, "2016-10-09": {"response": "24", "point.effect.lower": -1.594396, "cum.response": 228.0, "cum.pred.lower": 228.0, "cum.effect": 0.0, "point.pred": 8.549552, "cum.pred": 228.0, "cum.effect.upper": 0.0, "cum.effect.lower": 0.0, "point.pred.lower": -8.278682, "point.pred.upper": 25.5944, "point.effect.upper": 32.278682, "point.effect": 15.45044806, "cum.pred.upper": 228.0}, "2016-09-20": {"response": "0", "point.effect.lower": -22.840018, "cum.response": 11.0, "cum.pred.lower": 11.0, "cum.effect": 0.0, "point.pred": 6.396372, "cum.pred": 11.0, "cum.effect.upper": 0.0, "cum.effect.lower": 0.0, "point.pred.lower": -10.061444, "point.pred.upper": 22.84002, "point.effect.upper": 10.061444, "point.effect": -6.39637153, "cum.pred.upper": 11.0}, "2016-09-17": {"response": "0", "point.effect.lower": -22.576256, "cum.response": 11.0, "cum.pred.lower": 11.0, "cum.effect": 0.0, "point.pred": 6.088715, "cum.pred": 11.0, "cum.effect.upper": 0.0, "cum.effect.lower": 0.0, "point.pred.lower": -12.780314, "point.pred.upper": 22.57626, "point.effect.upper": 12.780314, "point.effect": -6.08871522, "cum.pred.upper": 11.0}}}
